new g_menuPosition[33];
new g_menuSelect[33][64];
new g_menuUnBanLine[33][2];
new g_menuUnBanText[33][8][32];
new g_bannedCfgFile[18] =
{
	115, 120, 101, 95, 108, 111, 99, 97, 108, 95, 98, 97, 110, 46, 99, 102, 103, 0
};
is_user_admin(id)
{
	new __flags = get_user_flags(id, "%L");
	new var1;
	return __flags > 0 && !__flags & 33554432;
}

cmd_access(id, level, cid, num, bool:accesssilent)
{
	new has_access;
	new var1;
	if (is_dedicated_server())
	{
		var1 = 0;
	}
	else
	{
		var1 = 1;
	}
	if (var1 == id)
	{
		has_access = 1;
	}
	else
	{
		if (level == 16777216)
		{
			if (is_user_admin(id))
			{
				has_access = 1;
			}
		}
		if (level & get_user_flags(id, "%L"))
		{
			has_access = 1;
		}
		if (!level)
		{
			has_access = 1;
		}
	}
	if (has_access)
	{
		if (num > read_argc())
		{
			new hcmd[32];
			new hinfo[128];
			new hflag;
			get_concmd(cid, hcmd, 31, hflag, hinfo, 127, level, -1);
			console_print(id, "%L:  %s %s", id, "USAGE", hcmd, hinfo);
			return 0;
		}
		return 1;
	}
	if (!accesssilent)
	{
		console_print(id, "%L", id, "NO_ACC_COM");
	}
	return 0;
}

public plugin_init()
{
	register_plugin("sXe UnLocalBan Menu", "1.0", "HAmid.AF");
	register_clcmd("amx_sxe_unban_menu", "cmdLocalUnBanMenu", 8, "[sXe Injected] sXe UnLocalBan Menu", -1);
	register_menucmd(register_menuid("Local UnBan  Menu", "%L"), 1023, "actionUnBanMenu");
	return 0;
}

public actionUnBanMenu(id, key)
{
	switch (key)
	{
		case 8:
		{
			new var2 = g_menuPosition[id];
			var2++;
			displaylocalUnBanMenu(id, var2);
		}
		case 9:
		{
			g_menuUnBanLine[id][0] = g_menuUnBanLine[id][0] - g_menuUnBanLine[id][1][2];
			if (0 > g_menuUnBanLine[id][0])
			{
				g_menuUnBanLine[id][0] = 0;
			}
			new var1 = g_menuPosition[id];
			var1--;
			displaylocalUnBanMenu(id, var1);
		}
		default:
		{
			new name[32];
			new authid[32];
			new ipaddress[24];
			get_user_authid(id, authid, 31);
			get_user_name(id, name, 31);
			get_user_ip(id, ipaddress, 23, 1);
			log_amx("UnBan: \"%s<%d><%s><%s>\" unban \"%s\"", name, get_user_userid(id), authid, ipaddress, g_menuUnBanText[id][key]);
			switch (get_cvar_num("amx_show_activity"))
			{
				case 1:
				{
					client_print("%L", 3, "ADMIN: unban %s", g_menuUnBanText[id][key]);
				}
				case 2:
				{
					client_print("%L", 3, "ADMIN %s: unban %s", name, g_menuUnBanText[id][key]);
				}
				default:
				{
				}
			}
			write_file(g_bannedCfgFile, 45192, g_menuPosition[id] * 8 + key + 2);
			delete_empty_lines("sxe_local_ban.cfg");
			console_print(id, "Authid \"%s\" removed from local ban list", g_menuUnBanText[id][key]);
			g_menuUnBanLine[id][1] = 0;
			g_menuUnBanLine[id][0] = 0;
			g_menuPosition[id] = 0;
			displaylocalUnBanMenu(id, 0);
		}
	}
	return 1;
}

delete_empty_lines(filename[])
{
	static temp_filename[15] =
	{
		98, 117, 102, 102, 101, 114, 95, 115, 120, 101, 46, 116, 120, 116, 0
	};
	new f = fopen(filename, "rt");
	if (!f)
	{
		return -1;
	}
	new lines;
	new t = fopen(temp_filename, "wt");
	static data[512];
	while (!feof(f))
	{
		fgets(f, data, 511);
		lines++;
		new var1;
		if (data[0] && data[0] != 10)
		{
			fputs(t, data);
		}
		if (lines == 2)
		{
			fputs(t, 47488);
		}
	}
	fclose(f);
	fclose(t);
	delete_file(filename);
	rename_file(temp_filename, filename, 1);
	return lines;
}

displaylocalUnBanMenu(id, pos)
{
	if (0 > pos)
	{
		return 0;
	}
	new menuBody[512];
	new b;
	new len = format(menuBody, 511, "\ysXe UnLocalBan Menu \w\n\n", id, "UNBAN_MENU", pos + 1);
	new keys = 512;
	new textlen;
	new line;
	new temp[32];
	new banTime[32];
	if (file_exists(g_bannedCfgFile))
	{
		line = g_menuUnBanLine[id][0];
		if (g_menuUnBanLine[id][0])
		{
		}
		else
		{
			line += 2;
		}
		while ((line = read_file(g_bannedCfgFile, line, g_menuSelect[id], 63, textlen)))
		{
			temp[0] = 0;
			banTime[0] = 0;
			g_menuUnBanText[id][b][0] = 0;
			parse(g_menuSelect[id], temp, 31, banTime, 31, g_menuUnBanText[id][b], 31);
			keys = 1 << b | keys;
			b++;
			len = format(menuBody[len], 511 - len, "\w%d. %s \r[%s]\n", b, g_menuUnBanText[id][b], banTime) + len;
			if (b == 8)
			{
				new var1;
				if (b == 8 && read_file(g_bannedCfgFile, line, g_menuSelect[id], 63, textlen) > 0)
				{
					new var2;
					if (pos)
					{
						var2 = 47828;
					}
					else
					{
						var2 = 47848;
					}
					format(menuBody[len], 511 - len, "\n\y9. \rMore\w...\n\y0.\w %s", var2, id);
					keys |= 256;
				}
				else
				{
					new var3;
					if (pos)
					{
						var3 = 47904;
					}
					else
					{
						var3 = 47924;
					}
					format(menuBody[len], 511 - len, "\n\y0. %s", var3, id);
				}
				g_menuUnBanLine[id][1] = line - g_menuUnBanLine[id][0];
				g_menuUnBanLine[id][0] = line;
				show_menu(id, keys, menuBody, -1, "Local UnBan  Menu");
			}
		}
		new var1;
		if (b == 8 && read_file(g_bannedCfgFile, line, g_menuSelect[id], 63, textlen) > 0)
		{
			new var2;
			if (pos)
			{
				var2 = 47828;
			}
			else
			{
				var2 = 47848;
			}
			format(menuBody[len], 511 - len, "\n\y9. \rMore\w...\n\y0.\w %s", var2, id);
			keys |= 256;
		}
		else
		{
			new var3;
			if (pos)
			{
				var3 = 47904;
			}
			else
			{
				var3 = 47924;
			}
			format(menuBody[len], 511 - len, "\n\y0. %s", var3, id);
		}
		g_menuUnBanLine[id][1] = line - g_menuUnBanLine[id][0];
		g_menuUnBanLine[id][0] = line;
		show_menu(id, keys, menuBody, -1, "Local UnBan  Menu");
	}
	return 0;
}

public cmdLocalUnBanMenu(id, level, cid)
{
	if (!cmd_access(id, level, cid, 1, false))
	{
		return 1;
	}
	g_menuPosition[id] = 0;
	displaylocalUnBanMenu(id, 0);
	return 1;
}

