public PlVers:__version =
{
	version = 3,
	filevers = "1.0.4",
	date = "06/12/2014",
	time = "17:28:57"
};
new Float:NULL_VECTOR[3];
new String:NULL_STRING[4];
public Plugin:myinfo =
{
	name = "KnifeMug",
	description = "Knife Mugging",
	author = "FlyingMongoose, sslice",
	version = "2.0.0",
	url = "http://www.steamfriends.com/"
};
new g_MoneyOffset;
new Handle:cvarEnable;
new Handle:cvarMugCash;
new Handle:cvarMugPercent;
new bool:g_isHooked;
RoundFloat(Float:value)
{
	return RoundToNearest(value);
}

bool:StrEqual(String:str1[], String:str2[], bool:caseSensitive)
{
	return strcmp(str1, str2, caseSensitive) == 0;
}

GetPlayerCash(entity)
{
	return GetEntData(entity, g_MoneyOffset, 4);
}

SetPlayerCash(entity, amount)
{
	SetEntData(entity, g_MoneyOffset, amount, 4, 1);
	return 0;
}

public OnPluginStart()
{
	LoadTranslations(196);
	g_MoneyOffset = FindSendPropOffs(216, 228);
	if (g_MoneyOffset == -1)
	{
		g_isHooked = false;
		PrintToServer(240);
		SetFailState(304);
	}
	else
	{
		CreateConVar(376, 388, 396, 270656, 0, 0, 0, 0);
		cvarEnable = CreateConVar(400, 412, 416, 262144, 1, 0, 1, 1077936128);
		cvarMugCash = CreateConVar(548, 560, 568, 262144, 1, 0, 1, 1182400512);
		cvarMugPercent = CreateConVar(636, 652, 660, 262144, 1, 0, 1, 1065353216);
		AutoExecConfig(1, 724, 736);
		CreateTimer(1077936128, 5, 0, 0);
	}
	return 0;
}

public Action:OnPluginStart_Delayed(Handle:timer)
{
	new var1;
	if (GetConVarInt(cvarEnable) > 0 && GetConVarInt(cvarEnable) <= 3)
	{
		g_isHooked = true;
		HookEvent(748, 7, 1);
		HookEvent(764, 9, 1);
		HookConVarChange(cvarEnable, 1);
		LogMessage(776);
	}
	return Action:0;
}

public KnifeMugCvarChange(Handle:convar, String:oldValue[], String:newValue[])
{
	if (0 >= GetConVarInt(cvarEnable))
	{
		if (g_isHooked)
		{
			g_isHooked = false;
			UnhookEvent(796, 7, 1);
			UnhookEvent(812, 9, 1);
		}
	}
	else
	{
		if (!g_isHooked)
		{
			g_isHooked = true;
			HookEvent(824, 7, 1);
			HookEvent(840, 9, 1);
		}
	}
	return 0;
}

public ev_PlayerDeath(Handle:event, String:name[], bool:dontBroadcast)
{
	decl String:weaponName[100];
	decl String:victimName[100];
	decl String:killerName[100];
	GetEventString(event, 852, weaponName, 100);
	if (StrEqual(weaponName, "knife", true))
	{
		new MugType = GetConVarInt(cvarEnable);
		if (MugType == 2)
		{
			new Float:mugPercent = GetConVarFloat(cvarMugPercent);
			new userid = GetEventInt(event, 868);
			new userid2 = GetEventInt(event, 876);
			new victim = GetClientOfUserId(userid);
			new killer = GetClientOfUserId(userid2);
			new var1;
			if (victim && killer)
			{
				new victimTeam = GetClientTeam(victim);
				new killerTeam = GetClientTeam(killer);
				if (victimTeam != killerTeam)
				{
					GetClientName(victim, victimName, 100);
					GetClientName(killer, killerName, 100);
					new victimCash = GetPlayerCash(victim);
					new killerCash = GetPlayerCash(killer);
					new percentVictimCash = RoundFloat(float(victimCash) - float(victimCash) * mugPercent);
					new percentKillerCash = RoundFloat(float(killerCash) + float(victimCash) * mugPercent);
					new percentCashTaken = RoundFloat(float(victimCash) * mugPercent);
					SetPlayerCash(victim, percentVictimCash);
					PrintToConsole(victim, 888, 904, 0, killerName, percentCashTaken);
					PrintToChat(victim, 920, 4, 1, 940, 0, killerName, percentCashTaken);
					if (percentKillerCash > 16000)
					{
						SetPlayerCash(killer, 16000);
					}
					else
					{
						SetPlayerCash(killer, percentKillerCash);
					}
					PrintToConsole(killer, 956, 972, 0, victimName, percentCashTaken);
					PrintToChat(killer, 988, 4, 1, 1008, 0, victimName, percentCashTaken);
				}
			}
		}
		if (MugType == 1)
		{
			new mugCash = GetConVarInt(cvarMugCash);
			new userid = GetEventInt(event, 1024);
			new userid2 = GetEventInt(event, 1032);
			new victim = GetClientOfUserId(userid);
			new killer = GetClientOfUserId(userid2);
			new var2;
			if (victim && killer)
			{
				new var3;
				if (mugCash > 0 || mugCash < 16000)
				{
					new victimTeam = GetClientTeam(victim);
					new killerTeam = GetClientTeam(killer);
					if (victimTeam != killerTeam)
					{
						GetClientName(victim, victimName, 100);
						GetClientName(killer, killerName, 100);
						new victimCash = GetPlayerCash(victim);
						new killerCash = GetPlayerCash(killer);
						if (victimCash < mugCash)
						{
							SetPlayerCash(victim, 0);
							PrintToConsole(victim, 1044, 1060, 0, killerName, victimCash);
							PrintToChat(victim, 1076, 4, 1, 1096, 0, killerName, victimCash);
							if (victimCash + killerCash > 16000)
							{
								SetPlayerCash(killer, 16000);
							}
							else
							{
								SetPlayerCash(killer, victimCash + killerCash);
							}
							PrintToConsole(killer, 1112, 1128, 0, victimName, victimCash);
							PrintToChat(killer, 1144, 4, 1, 1164, 0, victimName, victimCash);
						}
						else
						{
							GetClientName(victim, victimName, 100);
							GetClientName(killer, killerName, 100);
							new newVictimCash = victimCash - mugCash;
							new newKillerCash = mugCash + killerCash;
							SetPlayerCash(victim, newVictimCash);
							PrintToConsole(victim, 1180, 1196, 0, killerName, mugCash);
							PrintToChat(victim, 1212, 4, 1, 1232, 0, killerName, mugCash);
							if (newKillerCash > 16000)
							{
								SetPlayerCash(killer, 16000);
							}
							else
							{
								SetPlayerCash(killer, newKillerCash);
							}
							PrintToConsole(killer, 1248, 1264, 0, victimName, mugCash);
							PrintToChat(killer, 1280, 4, 1, 1300, 0, victimName, mugCash);
						}
					}
				}
			}
		}
	}
	return 0;
}

public ev_PlayerHurt(Handle:event, String:name[], bool:dontBroadcast)
{
	decl String:dmgWeaponName[100];
	decl String:dmgVictimName[100];
	decl String:dmgKillerName[100];
	new MugType = GetConVarInt(cvarEnable);
	if (MugType == 3)
	{
		GetEventString(event, 1316, dmgWeaponName, 100);
		if (StrEqual(dmgWeaponName, "knife", true))
		{
			new userid = GetEventInt(event, 1332);
			new userid2 = GetEventInt(event, 1340);
			new victim = GetClientOfUserId(userid);
			new killer = GetClientOfUserId(userid2);
			new var1;
			if (victim && killer)
			{
				new dmgVictimTeam = GetClientTeam(victim);
				new dmgKillerTeam = GetClientTeam(killer);
				if (dmgKillerTeam != dmgVictimTeam)
				{
					GetClientName(victim, dmgVictimName, 100);
					GetClientName(killer, dmgKillerName, 100);
					new dmgVictimCash = GetPlayerCash(victim);
					new dmgKillerCash = GetPlayerCash(killer);
					new dmgDone = GetEventInt(event, 1352);
					if (dmgDone >= 100)
					{
						new dmgPercentVictimCash = RoundFloat(float(dmgVictimCash) - float(dmgVictimCash) * 0.5);
						new dmgPercentKillerCash = RoundFloat(float(dmgKillerCash) + float(dmgVictimCash) * 0.5);
						new dmgPercentCashTaken = RoundFloat(float(dmgVictimCash) * 0.5);
						SetPlayerCash(victim, dmgPercentVictimCash);
						PrintToConsole(victim, 1364, 1380, 0, dmgKillerName, dmgPercentCashTaken);
						PrintToChat(victim, 1396, 4, 1, 1416, 0, dmgKillerName, dmgPercentCashTaken);
						if (dmgPercentKillerCash > 16000)
						{
							SetPlayerCash(killer, 16000);
						}
						else
						{
							SetPlayerCash(killer, dmgPercentKillerCash);
						}
						PrintToConsole(killer, 1432, 1448, 0, dmgVictimName, dmgPercentCashTaken);
						PrintToChat(killer, 1464, 4, 1, 1484, 0, dmgVictimName, dmgPercentCashTaken);
					}
					new var2;
					if (dmgDone > 20 && dmgDone < 100)
					{
						new dmgPercentVictimCash = RoundFloat(float(dmgVictimCash) - float(dmgVictimCash) * 0.33);
						new dmgPercentKillerCash = RoundFloat(float(dmgKillerCash) + float(dmgVictimCash) * 0.33);
						new dmgPercentCashTaken = RoundFloat(float(dmgVictimCash) * 0.33);
						SetPlayerCash(victim, dmgPercentVictimCash);
						PrintToConsole(victim, 1500, 1516, 0, dmgKillerName, dmgPercentCashTaken);
						PrintToChat(victim, 1532, 4, 1, 1552, 0, dmgKillerName, dmgPercentCashTaken);
						if (dmgPercentKillerCash > 16000)
						{
							SetPlayerCash(killer, 16000);
						}
						else
						{
							SetPlayerCash(killer, dmgPercentKillerCash);
						}
						PrintToConsole(killer, 1568, 1584, 0, dmgVictimName, dmgPercentCashTaken);
						PrintToChat(killer, 1600, 4, 1, 1620, 0, dmgVictimName, dmgPercentCashTaken);
					}
					new var3;
					if (dmgDone > 1 && dmgDone <= 20)
					{
						new dmgPercentVictimCash = RoundFloat(float(dmgVictimCash) - float(dmgVictimCash) * 0.25);
						new dmgPercentKillerCash = RoundFloat(float(dmgKillerCash) + float(dmgVictimCash) * 0.25);
						new dmgPercentCashTaken = RoundFloat(float(dmgVictimCash) * 0.25);
						SetPlayerCash(victim, dmgPercentVictimCash);
						PrintToConsole(victim, 1636, 1652, 0, dmgKillerName, dmgPercentCashTaken);
						PrintToChat(victim, 1668, 4, 1, 1688, 0, dmgKillerName, dmgPercentCashTaken);
						if (dmgPercentKillerCash > 16000)
						{
							SetPlayerCash(killer, 16000);
						}
						else
						{
							SetPlayerCash(killer, dmgPercentKillerCash);
						}
						PrintToConsole(killer, 1704, 1720, 0, dmgVictimName, dmgPercentCashTaken);
						PrintToChat(killer, 1736, 4, 1, 1756, 0, dmgVictimName, dmgPercentCashTaken);
					}
				}
			}
		}
	}
	return 0;
}

