new MaxClients;
new NULL_STRING;
new NULL_VECTOR;
public Extension:__ext_core =
{
	name = "Core",
	file = "core",
	autoload = 0,
	required = 0,
};
public PlVers:__version =
{
	version = 5,
	filevers = "1.11.0.6497",
	date = "04/07/2020",
	time = "12:48:42"
};
new g_var8f4;
new g_var8ec;
new g_var8f0;
new g_var8e8;
bool:StrEqual(String:_arg0[], String:_arg1[], bool:_arg2)
{
	return strcmp(_arg0[0], _arg1[0], _arg2) == 0;
}

SQL_Baglan(Handle:_arg0)
{
	new var1 = var2;
	new var2 = "1.11.0.6497";
	_arg0 = SQL_Connect("storage-local", true, var1, 255);
	if (_arg0 == 0)
	{
		SetFailState(var1);
	}
	return 0;
}

public Menu_Zenginler_(Handle:_arg0, MenuAction:_arg1, _arg2, _arg3)
{
	if (_arg1 == 16)
	{
		CloseHandle(_arg0);
	}
	return 0;
}

public void:OnClientPostAdminCheck(_arg0)
{
	if (g_var8f4)
	{
		new var1 = 1;
		while (var1 <= MaxClients)
		{
			if (IsClientInGame(var1))
			{
				new var2 = 0;
				GetPluginFilename(0, var2, 32);
				KickClient(var1, "Bu Sunucuda İzinsiz olarak www.plugincim.com 'a ait %s İsimli eklenti kullanılıyor Bu Eklenti XXX Sunucusuna Aittir, lütfen Eklentiyi Siliniz.", var2);
			}
			var1++;
		}
	}
	return 0;
}

public void:OnMapStart()
{
	new var1 = var2;
	new var2 = "1.11.0.6497";
	new var3 = 0;
	new var4;
	var4 = GetConVarInt(FindConVar("hostip"));
	var3 = var4 >>> 24 & 255;
	var3 + 4/* ERROR unknown load Binary */ = var4 >>> 16 & 255;
	var3 + 8/* ERROR unknown load Binary */ = var4 >>> 8 & 255;
	var3 + 12/* ERROR unknown load Binary */ = var4 & 255;
	Format(var1, 32, "%d.%d.%d.%d", var3, var3 + 4, var3 + 8, var3 + 12);
	if (!(StrEqual(var1, "45.10.57.207", true)))
	{
		g_var8f4 = 1;
	}
	return 0;
}

public void:OnPluginStart()
{
	RegConsoleCmd("sm_zenginler", 15, "", 0);
	RegConsoleCmd("sm_topkredi", 15, "", 0);
	g_var8ec = CreateConVar("zenginler_min_kredi", "1", "Zenginler listesinde en az kaç kredisi olanlar gözüksün?", 0, false, 0.0, false, 0.0);
	g_var8f0 = CreateConVar("zenginler_liste_kisi_sayisi", "100", "Zenginler listesinde en fazla kaç kişi gözüksün?", 0, false, 0.0, false, 0.0);
	AutoExecConfig(true, "Plugincim_Zenginler", "Plugincim_com");
	SQL_Baglan(g_var8e8);
	return 0;
}


/* ERROR! null */
 function "SQL_ReadAll" (number 6)

public Action:Zenginler(_arg0, _arg1)
{
	new var1 = var2;
	new var2 = "1.11.0.6497";
	Format(var1, 256, "SELECT name, credits FROM store_players ORDER BY credits DESC LIMIT 0, %d;", GetConVarInt(g_var8f0));
	SQL_TQuery(g_var8e8, 13, var1, _arg0, 0);
	return 0;
}

public void:__ext_core_SetNTVOptional()
{
	MarkNativeAsOptional("GetFeatureStatus");
	MarkNativeAsOptional("RequireFeature");
	MarkNativeAsOptional("AddCommandListener");
	MarkNativeAsOptional("RemoveCommandListener");
	MarkNativeAsOptional("BfWriteBool");
	MarkNativeAsOptional("BfWriteByte");
	MarkNativeAsOptional("BfWriteChar");
	MarkNativeAsOptional("BfWriteShort");
	MarkNativeAsOptional("BfWriteWord");
	MarkNativeAsOptional("BfWriteNum");
	MarkNativeAsOptional("BfWriteFloat");
	MarkNativeAsOptional("BfWriteString");
	MarkNativeAsOptional("BfWriteEntity");
	MarkNativeAsOptional("BfWriteAngle");
	MarkNativeAsOptional("BfWriteCoord");
	MarkNativeAsOptional("BfWriteVecCoord");
	MarkNativeAsOptional("BfWriteVecNormal");
	MarkNativeAsOptional("BfWriteAngles");
	MarkNativeAsOptional("BfReadBool");
	MarkNativeAsOptional("BfReadByte");
	MarkNativeAsOptional("BfReadChar");
	MarkNativeAsOptional("BfReadShort");
	MarkNativeAsOptional("BfReadWord");
	MarkNativeAsOptional("BfReadNum");
	MarkNativeAsOptional("BfReadFloat");
	MarkNativeAsOptional("BfReadString");
	MarkNativeAsOptional("BfReadEntity");
	MarkNativeAsOptional("BfReadAngle");
	MarkNativeAsOptional("BfReadCoord");
	MarkNativeAsOptional("BfReadVecCoord");
	MarkNativeAsOptional("BfReadVecNormal");
	MarkNativeAsOptional("BfReadAngles");
	MarkNativeAsOptional("BfGetNumBytesLeft");
	MarkNativeAsOptional("BfWrite.WriteBool");
	MarkNativeAsOptional("BfWrite.WriteByte");
	MarkNativeAsOptional("BfWrite.WriteChar");
	MarkNativeAsOptional("BfWrite.WriteShort");
	MarkNativeAsOptional("BfWrite.WriteWord");
	MarkNativeAsOptional("BfWrite.WriteNum");
	MarkNativeAsOptional("BfWrite.WriteFloat");
	MarkNativeAsOptional("BfWrite.WriteString");
	MarkNativeAsOptional("BfWrite.WriteEntity");
	MarkNativeAsOptional("BfWrite.WriteAngle");
	MarkNativeAsOptional("BfWrite.WriteCoord");
	MarkNativeAsOptional("BfWrite.WriteVecCoord");
	MarkNativeAsOptional("BfWrite.WriteVecNormal");
	MarkNativeAsOptional("BfWrite.WriteAngles");
	MarkNativeAsOptional("BfRead.ReadBool");
	MarkNativeAsOptional("BfRead.ReadByte");
	MarkNativeAsOptional("BfRead.ReadChar");
	MarkNativeAsOptional("BfRead.ReadShort");
	MarkNativeAsOptional("BfRead.ReadWord");
	MarkNativeAsOptional("BfRead.ReadNum");
	MarkNativeAsOptional("BfRead.ReadFloat");
	MarkNativeAsOptional("BfRead.ReadString");
	MarkNativeAsOptional("BfRead.ReadEntity");
	MarkNativeAsOptional("BfRead.ReadAngle");
	MarkNativeAsOptional("BfRead.ReadCoord");
	MarkNativeAsOptional("BfRead.ReadVecCoord");
	MarkNativeAsOptional("BfRead.ReadVecNormal");
	MarkNativeAsOptional("BfRead.ReadAngles");
	MarkNativeAsOptional("BfRead.BytesLeft.get");
	MarkNativeAsOptional("PbReadInt");
	MarkNativeAsOptional("PbReadFloat");
	MarkNativeAsOptional("PbReadBool");
	MarkNativeAsOptional("PbReadString");
	MarkNativeAsOptional("PbReadColor");
	MarkNativeAsOptional("PbReadAngle");
	MarkNativeAsOptional("PbReadVector");
	MarkNativeAsOptional("PbReadVector2D");
	MarkNativeAsOptional("PbGetRepeatedFieldCount");
	MarkNativeAsOptional("PbSetInt");
	MarkNativeAsOptional("PbSetFloat");
	MarkNativeAsOptional("PbSetBool");
	MarkNativeAsOptional("PbSetString");
	MarkNativeAsOptional("PbSetColor");
	MarkNativeAsOptional("PbSetAngle");
	MarkNativeAsOptional("PbSetVector");
	MarkNativeAsOptional("PbSetVector2D");
	MarkNativeAsOptional("PbAddInt");
	MarkNativeAsOptional("PbAddFloat");
	MarkNativeAsOptional("PbAddBool");
	MarkNativeAsOptional("PbAddString");
	MarkNativeAsOptional("PbAddColor");
	MarkNativeAsOptional("PbAddAngle");
	MarkNativeAsOptional("PbAddVector");
	MarkNativeAsOptional("PbAddVector2D");
	MarkNativeAsOptional("PbRemoveRepeatedFieldValue");
	MarkNativeAsOptional("PbReadMessage");
	MarkNativeAsOptional("PbReadRepeatedMessage");
	MarkNativeAsOptional("PbAddMessage");
	MarkNativeAsOptional("Protobuf.ReadInt");
	MarkNativeAsOptional("Protobuf.ReadInt64");
	MarkNativeAsOptional("Protobuf.ReadFloat");
	MarkNativeAsOptional("Protobuf.ReadBool");
	MarkNativeAsOptional("Protobuf.ReadString");
	MarkNativeAsOptional("Protobuf.ReadColor");
	MarkNativeAsOptional("Protobuf.ReadAngle");
	MarkNativeAsOptional("Protobuf.ReadVector");
	MarkNativeAsOptional("Protobuf.ReadVector2D");
	MarkNativeAsOptional("Protobuf.GetRepeatedFieldCount");
	MarkNativeAsOptional("Protobuf.SetInt");
	MarkNativeAsOptional("Protobuf.SetInt64");
	MarkNativeAsOptional("Protobuf.SetFloat");
	MarkNativeAsOptional("Protobuf.SetBool");
	MarkNativeAsOptional("Protobuf.SetString");
	MarkNativeAsOptional("Protobuf.SetColor");
	MarkNativeAsOptional("Protobuf.SetAngle");
	MarkNativeAsOptional("Protobuf.SetVector");
	MarkNativeAsOptional("Protobuf.SetVector2D");
	MarkNativeAsOptional("Protobuf.AddInt");
	MarkNativeAsOptional("Protobuf.AddInt64");
	MarkNativeAsOptional("Protobuf.AddFloat");
	MarkNativeAsOptional("Protobuf.AddBool");
	MarkNativeAsOptional("Protobuf.AddString");
	MarkNativeAsOptional("Protobuf.AddColor");
	MarkNativeAsOptional("Protobuf.AddAngle");
	MarkNativeAsOptional("Protobuf.AddVector");
	MarkNativeAsOptional("Protobuf.AddVector2D");
	MarkNativeAsOptional("Protobuf.RemoveRepeatedFieldValue");
	MarkNativeAsOptional("Protobuf.ReadMessage");
	MarkNativeAsOptional("Protobuf.ReadRepeatedMessage");
	MarkNativeAsOptional("Protobuf.AddMessage");
	VerifyCoreVersion();
	return 0;
}

